 #     Core  Program          Name                                                          Lvl  Ticks     Good      Bad       Not       Total(ns)       Avg(ns)       Min(ns)       Max(ns)       P99(ns)       P999(ns)      P9999(ns)
 ----  ----  ---------------  ------------------------------------------------------------  ---  --------  --------  --------  --------  --------------  ------------  ------------  ------------  ------------  ------------  ------------
    1     0  mooncake_store   client_service.cpp::BatchGet.FindReplica                        3       576       576         0         0           92467           160            30           910           704           691           691
    2     1  mooncake_store   client_service.cpp::BatchGet.FindReplica                        3       544       544         0         0           91162           167            34          1049           735           722           722
    3     2  mooncake_store   client_service.cpp::BatchGet.FindReplica                        3      1137      1137         0         0          211008           185            28          2839          1021          1007          1004
    4     4  mooncake_store   client_service.cpp::BatchGet.FindReplica                        3      1111      1111         0         0          189970           170            29          1207           924           924           924
    5     7  mooncake_store   client_service.cpp::BatchGet.FindReplica                        3       832       832         0         0          136317           163            27          1041           769           764           764
    6     8  mooncake_store   client_service.cpp::BatchGet.FindReplica                        3        32        32         0         0            4989           155            29          1008            29            29            29
    7     9  mooncake_store   client_service.cpp::BatchGet.FindReplica                        3      1114      1114         0         0          197962           177            31          1924           939           939           939
    8    10  mooncake_store   client_service.cpp::BatchGet.FindReplica                        3      1136      1136         0         0          186958           164            31          1002           871           864           864
    9    11  mooncake_store   client_service.cpp::BatchGet.FindReplica                        3      1136      1136         0         0          193839           170            30          2621           962           920           917
   10    13  mooncake_store   client_service.cpp::BatchGet.FindReplica                        3      1136      1136         0         0          185847           163            29          1611           925           925           909
   11    14  mooncake_store   client_service.cpp::BatchGet.FindReplica                        3      1104      1104         0         0          200946           182            30         15179           895           895           895
   12    15  mooncake_store   client_service.cpp::BatchGet.FindReplica                        3        32        32         0         0            4810           150            36           305            36            36            36
   13    16  mooncake_store   client_service.cpp::BatchGet.FindReplica                        3      1136      1136         0         0          197930           174            31          3153          1015          1005          1005
   14    17  mooncake_store   client_service.cpp::BatchGet.FindReplica                        3       767       767         0         0          125077           163            29          1331           844           842           842
   15    18  mooncake_store   client_service.cpp::BatchGet.FindReplica                        3      1120      1120         0         0          184100           164            26          1292           949           936           936
   16    21  mooncake_store   client_service.cpp::BatchGet.FindReplica                        3      1136      1136         0         0          197427           173            30          2292           891           891           886
   17    22  mooncake_store   client_service.cpp::BatchGet.FindReplica                        3       708       708         0         0          121784           172            31          2304           852           843           843
   18    23  mooncake_store   client_service.cpp::BatchGet.FindReplica                        3       768       768         0         0          124762           162            35          1113           835           822           822
   19    25  mooncake_store   client_service.cpp::BatchGet.FindReplica                        3      1136      1136         0         0          193331           170            27          2661           949           949           949
   20    26  mooncake_store   client_service.cpp::BatchGet.FindReplica                        3       555       555         0         0           96264           173            28          1213           746           746           746
   21    27  mooncake_store   client_service.cpp::BatchGet.FindReplica                        3       880       880         0         0          143420           162            29          1321           873           859           859
   22     0  mooncake_store   client_service.cpp::BatchGet.Submit                             4       576       576         0         0        85526962        148484         10229      31809462        123189        122061        122061
   23     1  mooncake_store   client_service.cpp::BatchGet.Submit                             4       544       544         0         0        20216249         37162         12677        133279         99831         99768         99768
   24     2  mooncake_store   client_service.cpp::BatchGet.Submit                             4      1137      1137         0         0       112089304         98583         12458      33327805        131842        131842        130349
   25     4  mooncake_store   client_service.cpp::BatchGet.Submit                             4      1110      1110         0         0        73716632         66411         11093      31299312        137125        129006        129006
   26     7  mooncake_store   client_service.cpp::BatchGet.Submit                             4       832       832         0         0       128471662        154413         11147      33432238        138216        138216        138216
   27     8  mooncake_store   client_service.cpp::BatchGet.Submit                             4        32        32         0         0        32323619       1010113         13368      31319785         13368         13368         13368
   28     9  mooncake_store   client_service.cpp::BatchGet.Submit                             4      1114      1114         0         0        84480846         75835         12744      38988486        144047        138830        138830
   29    10  mooncake_store   client_service.cpp::BatchGet.Submit                             4      1136      1136         0         0       104996612         92426         12830      31736513        164752        150572        150572
   30    11  mooncake_store   client_service.cpp::BatchGet.Submit                             4      1136      1136         0         0       105834591         93164         12621      31801837        132368        132368        132368
   31    13  mooncake_store   client_service.cpp::BatchGet.Submit                             4      1136      1136         0         0       104579566         92059         10162      31813313        129208        129208        128707
   32    14  mooncake_store   client_service.cpp::BatchGet.Submit                             4      1104      1104         0         0        42194676         38219         11539        204068        126578        123002        123002
   33    15  mooncake_store   client_service.cpp::BatchGet.Submit                             4        32        32         0         0        66291878       2071621         13689      33469068         13689         13689         13689
   34    16  mooncake_store   client_service.cpp::BatchGet.Submit                             4      1136      1136         0         0        75739466         66672         13711      31484049        134000        134000        134000
   35    17  mooncake_store   client_service.cpp::BatchGet.Submit                             4       768       768         0         0        92415523        120332         11087      31836893        148378        144244        144244
   36    18  mooncake_store   client_service.cpp::BatchGet.Submit                             4      1120      1120         0         0       140996718        125889         11647      33398545        185872        173623        173623
   37    21  mooncake_store   client_service.cpp::BatchGet.Submit                             4      1136      1136         0         0       108865514         95832         10517      33264936        157861        147325        146368
   38    22  mooncake_store   client_service.cpp::BatchGet.Submit                             4       709       709         0         0        59370706         83738         13337      31624744        121667        114435        114435
   39    23  mooncake_store   client_service.cpp::BatchGet.Submit                             4       768       768         0         0        27295127         35540         12776        126777        104184        103844        103844
   40    25  mooncake_store   client_service.cpp::BatchGet.Submit                             4      1136      1136         0         0       140463292        123647         10710      33468102        150390        131231        130595
   41    26  mooncake_store   client_service.cpp::BatchGet.Submit                             4       554       554         0         0       120778080        218010         12120      33381824        143750        142799        142799
   42    27  mooncake_store   client_service.cpp::BatchGet.Submit                             4       880       880         0         0        31922029         36275         10946        182851        117532        110631        110631
   43     0  mooncake_store   client_service.cpp::BatchGet.Wait                               4       576       576         0         0     10983981714      19069412           721     534127979     306559442     266517859     266517859
   44     1  mooncake_store   client_service.cpp::BatchGet.Wait                               4       560       560         0         0      9230713145      16483416         24615     276034802     246416328     244625543     244625543
   45     2  mooncake_store   client_service.cpp::BatchGet.Wait                               4      1136      1136         0         0     20029925786      17631976          2360     554861710     413202715     389042979     389042979
   46     4  mooncake_store   client_service.cpp::BatchGet.Wait                               4      1120      1120         0         0     19836368359      17711043         38996     557918993     492377267     394067116     394067116
   47     7  mooncake_store   client_service.cpp::BatchGet.Wait                               4       832       832         0         0     15076686454      18121017           265     548602895     325733171     319708884     319708884
   48     8  mooncake_store   client_service.cpp::BatchGet.Wait                               4        16        16         0         0       254126834      15882927       5321431      71489721       5321431       5321431       5321431
   49     9  mooncake_store   client_service.cpp::BatchGet.Wait                               4      1120      1120         0         0     19922474462      17787923           377     542717636     437122968     401386506     401386506
   50    10  mooncake_store   client_service.cpp::BatchGet.Wait                               4      1120      1120         0         0     19808446572      17686113           448     553766113     384382111     384382111     384382111
   51    11  mooncake_store   client_service.cpp::BatchGet.Wait                               4      1136      1136         0         0     20092874347      17687389         28143     554902084     395630810     395630810     395630810
   52    13  mooncake_store   client_service.cpp::BatchGet.Wait                               4      1136      1136         0         0     20072386401      17669354          1161     562503301     392176353     392176353     392176353
   53    14  mooncake_store   client_service.cpp::BatchGet.Wait                               4      1120      1120         0         0     19815267336      17692202         10268     556467757     389700974     389700974     389700974
   54    15  mooncake_store   client_service.cpp::BatchGet.Wait                               4        16        16         0         0       253201951      15825121       3480872      64994578       3480872       3480872       3480872
   55    16  mooncake_store   client_service.cpp::BatchGet.Wait                               4      1136      1136         0         0     20050465410      17650057         36209     560706070     408427540     388773766     388773766
   56    17  mooncake_store   client_service.cpp::BatchGet.Wait                               4       768       768         0         0     14011594136      18244263         37245     529688188     347752350     302879884     302879884
   57    18  mooncake_store   client_service.cpp::BatchGet.Wait                               4      1120      1120         0         0     19849572669      17722832         33786     521968239     382144172     382144172     382144172
   58    21  mooncake_store   client_service.cpp::BatchGet.Wait                               4      1136      1136         0         0     20012405703      17616554         12982     549714046     427126448     392780204     392780204
   59    22  mooncake_store   client_service.cpp::BatchGet.Wait                               4       720       720         0         0     13469257949      18707302          2493     550744492     348352604     298279962     298279962
   60    23  mooncake_store   client_service.cpp::BatchGet.Wait                               4       768       768         0         0     12384356766      16125464         12870     279262597     249004573     248240865     248240865
   61    25  mooncake_store   client_service.cpp::BatchGet.Wait                               4      1136      1136         0         0     20102735516      17696069           238     557372030     391205754     391205754     391205754
   62    26  mooncake_store   client_service.cpp::BatchGet.Wait                               4       512       512         0         0      9885981157      19308556          8943     534420690     244303687     240967531     240967531
   63    27  mooncake_store   client_service.cpp::BatchGet.Wait                               4       912       912         0         0     15042435540      16493898         33659     366160157     259877112     255724523     255724523
   64    26  mooncake_store   client_service.cpp::Get.FindReplica                             3         5         5         0         0            1564           312           198           458           198           198           198
   65    26  mooncake_store   client_service.cpp::Get.TransferRead                            3         5         5         0         0         6629961       1325992       1156944       1687272       1156944       1156944       1156944
   66     7  mooncake_store   client_service.cpp::Put.PutEnd                                  3        10        10         0         0         1422465        142246         76885        385571         76885         76885         76885
   67     8  mooncake_store   client_service.cpp::Put.PutEnd                                  3       990       990         0         0        95215957         96177         47707        517976        167183        164607        164607
   68     7  mooncake_store   client_service.cpp::Put.PutStart                                3        11        11         0         0         2146551        195141        112568        773151        112568        112568        112568
   69     8  mooncake_store   client_service.cpp::Put.PutStart                                3       989       989         0         0       129862654        131307         53021        609958        218142        213977        213977
   70     7  mooncake_store   client_service.cpp::Put.TransferPut                             2        10        10         0         0        12378468       1237846        729894       2247147        729894        729894        729894
   71     8  mooncake_store   client_service.cpp::Put.TransferPut                             2       990       990         0         0      1153045459       1164692        498531       2223493       1606497       1603531       1603531
   72     7  mooncake_store   client_service.cpp::Put.TransferWrite                           3        11        11         0         0         9507533        864321        535857       1752348        535857        535857        535857
   73     8  mooncake_store   client_service.cpp::Put.TransferWrite                           3       989       989         0         0       924707344        934992        372335       1902802       1329490       1315455       1315455
   74    26  mooncake_store   client_service.cpp::TransferData.Submit[G]                      4         5         5         0         0          889399        177879         73266        556287         73266         73266         73266
   75     7  mooncake_store   client_service.cpp::TransferData.Submit[W]                      4        11        11         0         0         1098625         99875         56555        366163         56555         56555         56555
   76     8  mooncake_store   client_service.cpp::TransferData.Submit[W]                      4       989       989         0         0        62959303         63659         25128        244396         94925         94499         94499
   77    26  mooncake_store   client_service.cpp::TransferData.TransferData[G]                3         5         5         0         0         6621866       1324373       1156262       1682476       1156262       1156262       1156262
   78     7  mooncake_store   client_service.cpp::TransferData.TransferData[W]                3        11        11         0         0         9495107        863191        535230       1751570        535230        535230        535230
   79     8  mooncake_store   client_service.cpp::TransferData.TransferData[W]                3       989       989         0         0       923985235        934262        371907       1901936       1371719       1314048       1314048
   80    26  mooncake_store   client_service.cpp::TransferData.Wait[G]                        4         5         5         0         0         5719121       1143824       1081388       1209892       1081388       1081388       1081388
   81     7  mooncake_store   client_service.cpp::TransferData.Wait[W]                        4        11        11         0         0         8325294        756844        470565       1671733        470565        470565        470565
   82     8  mooncake_store   client_service.cpp::TransferData.Wait[W]                        4       989       989         0         0       859453834        869012        317151       1813524       1271915       1250996       1250996
   83    10  mooncake_master  master_service.cpp::AllocateAndInsertMetadata.AllocateMemory    2      1000      1000         0         0         2540047          2540           444         95384         11012          8376          7913
   84     6  mooncake_master  master_service.cpp::ClientMonitorFunc.ClientMonitorScan         3         5         5         0         0            8481          1696          1319          2122          1319          1319          1319
   85     8  mooncake_master  master_service.cpp::ClientMonitorFunc.ClientMonitorScan         3         3         3         0         0            4067          1355           849          1928           849           849           849
   86    19  mooncake_master  master_service.cpp::ClientMonitorFunc.ClientMonitorScan         3         7         7         0         0           12531          1790          1616          2289          1616          1616          1616
   87    20  mooncake_master  master_service.cpp::ClientMonitorFunc.ClientMonitorScan         3         5         5         0         0            8607          1721          1177          2112          1177          1177          1177
   88    22  mooncake_master  master_service.cpp::ClientMonitorFunc.ClientMonitorScan         3        19        19         0         0           28636          1507           633          4070          1282          1282          1282
   89    26  mooncake_master  master_service.cpp::ClientMonitorFunc.ClientMonitorScan         3         1         1         0         0            2118          2118          2118          2118          2118          2118          2118
   90     0  mooncake_store   real_client.cpp::batch_get_into.BatchGetIntoInternal            2        36        36         0         0     11119212619     308867017     218233123     574208037     299875865     299875865     299875865
   91     1  mooncake_store   real_client.cpp::batch_get_into.BatchGetIntoInternal            2        35        35         0         0      9268538013     264815371     244295966     296449597     263291234     263291234     263291234
   92     2  mooncake_store   real_client.cpp::batch_get_into.BatchGetIntoInternal            2        71        71         0         0     20175924939     284167956     222083974     585933537     416990895     416990895     416990895
   93     4  mooncake_store   real_client.cpp::batch_get_into.BatchGetIntoInternal            2        70        70         0         0     19911421670     284448881     227166499     587958030     416123362     416123362     416123362
   94     7  mooncake_store   real_client.cpp::batch_get_into.BatchGetIntoInternal            2        52        52         0         0     15228802518     292861586     230220379     568828083     342330185     342330185     342330185
   95     8  mooncake_store   real_client.cpp::batch_get_into.BatchGetIntoInternal            2         1         1         0         0       320001165     320001165     320001165     320001165     320001165     320001165     320001165
   96     9  mooncake_store   real_client.cpp::batch_get_into.BatchGetIntoInternal            2        70        70         0         0     20106291624     287232737     224787762     578153089     450809839     450809839     450809839
   97    10  mooncake_store   real_client.cpp::batch_get_into.BatchGetIntoInternal            2        70        70         0         0     19981581939     285451170     229351492     577888089     401069281     401069281     401069281
   98    11  mooncake_store   real_client.cpp::batch_get_into.BatchGetIntoInternal            2        71        71         0         0     20264990229     285422397     230201126     591286347     417926492     417926492     417926492
   99    13  mooncake_store   real_client.cpp::batch_get_into.BatchGetIntoInternal            2        71        71         0         0     20247131219     285170862     224433713     594027765     416974857     416974857     416974857
  100    14  mooncake_store   real_client.cpp::batch_get_into.BatchGetIntoInternal            2        70        70         0         0     19891462241     284163746     226316170     587137914     415575135     415575135     415575135
  101    15  mooncake_store   real_client.cpp::batch_get_into.BatchGetIntoInternal            2         1         1         0         0       319218721     319218721     319218721     319218721     319218721     319218721     319218721
  102    16  mooncake_store   real_client.cpp::batch_get_into.BatchGetIntoInternal            2        71        71         0         0     20193879870     284420843     225093291     584487439     413872434     413872434     413872434
  103    17  mooncake_store   real_client.cpp::batch_get_into.BatchGetIntoInternal            2        48        48         0         0     14159408601     294987679     222998545     584927793     374410460     374410460     374410460
  104    18  mooncake_store   real_client.cpp::batch_get_into.BatchGetIntoInternal            2        70        70         0         0     20022552514     286036464     225381844     563344062     402788098     402788098     402788098
  105    21  mooncake_store   real_client.cpp::batch_get_into.BatchGetIntoInternal            2        71        71         0         0     20154999552     283873233     222229897     581325163     419508958     419508958     419508958
  106    22  mooncake_store   real_client.cpp::batch_get_into.BatchGetIntoInternal            2        45        45         0         0     13583770891     301861575     189511071     581408473     315405987     315405987     315405987
  107    23  mooncake_store   real_client.cpp::batch_get_into.BatchGetIntoInternal            2        48        48         0         0     12433740202     259036254     222150272     307482866     264052827     264052827     264052827
  108    25  mooncake_store   real_client.cpp::batch_get_into.BatchGetIntoInternal            2        71        71         0         0     20276974549     285591190     229778599     584398056     409286626     409286626     409286626
  109    26  mooncake_store   real_client.cpp::batch_get_into.BatchGetIntoInternal            2        32        32         0         0     10020453742     313139179     234642260     580017041     262342558     262342558     262342558
  110    27  mooncake_store   real_client.cpp::batch_get_into.BatchGetIntoInternal            2        57        57         0         0     15102055924     264948349     221860175     386832507     276701354     276701354     276701354
  111     0  mooncake_store   real_client.cpp::batch_get_into_internal.BatchQuery             3        36        36         0         0        45416318       1261564        239751      34215775        319898        319898        319898
  112     1  mooncake_store   real_client.cpp::batch_get_into_internal.BatchQuery             3        34        34         0         0        12427276        365508        240769        446520        354567        354567        354567
  113     2  mooncake_store   real_client.cpp::batch_get_into_internal.BatchQuery             3        71        71         0         0        24856422        350090        247164        538168        385066        385066        385066
  114     4  mooncake_store   real_client.cpp::batch_get_into_internal.BatchQuery             3        70        70         0         0        57959831        827997        221443      34300079        385418        385418        385418
  115     7  mooncake_store   real_client.cpp::batch_get_into_internal.BatchQuery             3        52        52         0         0        17368938        334018        232574        434434        358273        358273        358273
  116     8  mooncake_store   real_client.cpp::batch_get_into_internal.BatchQuery             3         2         2         0         0        34506162      17253081        309099      34197063        309099        309099        309099
  117     9  mooncake_store   real_client.cpp::batch_get_into_internal.BatchQuery             3        70        70         0         0        25458320        363690        270914        693340        391475        391475        391475
  118    10  mooncake_store   real_client.cpp::batch_get_into_internal.BatchQuery             3        71        71         0         0        60391890        850590        264874      34111520        400046        400046        400046
  119    11  mooncake_store   real_client.cpp::batch_get_into_internal.BatchQuery             3        71        71         0         0        58022681        817220        247532      34046073        387169        387169        387169
  120    13  mooncake_store   real_client.cpp::batch_get_into_internal.BatchQuery             3        71        71         0         0        61816188        870650        223415      34107601        403517        403517        403517
  121    14  mooncake_store   real_client.cpp::batch_get_into_internal.BatchQuery             3        69        69         0         0        24430453        354064        254792        554744        403162        403162        403162
  122    15  mooncake_store   real_client.cpp::batch_get_into_internal.BatchQuery             3         2         2         0         0          690366        345183        251829        438537        251829        251829        251829
  123    16  mooncake_store   real_client.cpp::batch_get_into_internal.BatchQuery             3        71        71         0         0        58853638        828924        204302      33992562        392222        392222        392222
  124    17  mooncake_store   real_client.cpp::batch_get_into_internal.BatchQuery             3        47        47         0         0        15790838        335975        265075        441969        353453        353453        353453
  125    18  mooncake_store   real_client.cpp::batch_get_into_internal.BatchQuery             3        70        70         0         0        57411018        820157        230171      34004146        384252        384252        384252
  126    21  mooncake_store   real_client.cpp::batch_get_into_internal.BatchQuery             3        71        71         0         0        25035213        352608        223941        492855        393194        393194        393194
  127    22  mooncake_store   real_client.cpp::batch_get_into_internal.BatchQuery             3        44        44         0         0        15523117        352798        275688        457056        369847        369847        369847
  128    23  mooncake_store   real_client.cpp::batch_get_into_internal.BatchQuery             3        48        48         0         0        16364126        340919        216995        398210        360420        360420        360420
  129    25  mooncake_store   real_client.cpp::batch_get_into_internal.BatchQuery             3        71        71         0         0        25336733        356855        282487        926541        385262        385262        385262
  130    26  mooncake_store   real_client.cpp::batch_get_into_internal.BatchQuery             3        35        35         0         0        45896150       1311318        261523      34040201        358825        358825        358825
  131    27  mooncake_store   real_client.cpp::batch_get_into_internal.BatchQuery             3        55        55         0         0        18878156        343239        238744        418815        365258        365258        365258
  132     0  mooncake_store   real_client.cpp::batch_get_into_internal.MemRead                3        36        36         0         0     11072208396     307561344     217951496     573912340     299516150     299516150     299516150
  133     1  mooncake_store   real_client.cpp::batch_get_into_internal.MemRead                3        35        35         0         0      9254206257     264405893     243861007     295962660     262908624     262908624     262908624
  134     2  mooncake_store   real_client.cpp::batch_get_into_internal.MemRead                3        71        71         0         0     20147763022     283771310     221501126     585524435     416574473     416574473     416574473
  135     4  mooncake_store   real_client.cpp::batch_get_into_internal.MemRead                3        70        70         0         0     19884578046     284065400     226824335     587503963     415704314     415704314     415704314
  136     7  mooncake_store   real_client.cpp::batch_get_into_internal.MemRead                3        52        52         0         0     15209107481     292482836     229884482     568472279     341973653     341973653     341973653
  137     8  mooncake_store   real_client.cpp::batch_get_into_internal.MemRead                3         1         1         0         0       285777858     285777858     285777858     285777858     285777858     285777858     285777858
  138     9  mooncake_store   real_client.cpp::batch_get_into_internal.MemRead                3        70        70         0         0     20077811345     286825876     224352616     577738583     450253924     450253924     450253924
  139    10  mooncake_store   real_client.cpp::batch_get_into_internal.MemRead                3        70        70         0         0     19917990626     284542723     228999506     577404341     400710206     400710206     400710206
  140    11  mooncake_store   real_client.cpp::batch_get_into_internal.MemRead                3        71        71         0         0     20203919279     284562243     229787318     590841275     417392738     417392738     417392738
  141    13  mooncake_store   real_client.cpp::batch_get_into_internal.MemRead                3        71        71         0         0     20182158975     284255760     223973561     593640774     416497841     416497841     416497841
  142    14  mooncake_store   real_client.cpp::batch_get_into_internal.MemRead                3        70        70         0         0     19863668391     283766691     225886958     586723423     415254303     415254303     415254303
  143    15  mooncake_store   real_client.cpp::batch_get_into_internal.MemRead                3         1         1         0         0       318725428     318725428     318725428     318725428     318725428     318725428     318725428
  144    16  mooncake_store   real_client.cpp::batch_get_into_internal.MemRead                3        71        71         0         0     20131727667     283545460     224674476     584139979     413479222     413479222     413479222
  145    17  mooncake_store   real_client.cpp::batch_get_into_internal.MemRead                3        48        48         0         0     14107556467     293907426     222662920     584527822     374045938     374045938     374045938
  146    18  mooncake_store   real_client.cpp::batch_get_into_internal.MemRead                3        70        70         0         0     19961898235     285169974     225037160     562835648     402453397     402453397     402453397
  147    21  mooncake_store   real_client.cpp::batch_get_into_internal.MemRead                3        71        71         0         0     20126564656     283472741     221878880     580931047     419100002     419100002     419100002
  148    22  mooncake_store   real_client.cpp::batch_get_into_internal.MemRead                3        45        45         0         0     13565787711     301461949     189116379     580971293     314986218     314986218     314986218
  149    23  mooncake_store   real_client.cpp::batch_get_into_internal.MemRead                3        48        48         0         0     12415078479     258647468     221810195     307039536     263672757     263672757     263672757
  150    25  mooncake_store   real_client.cpp::batch_get_into_internal.MemRead                3        71        71         0         0     20248574499     285191190     229440018     583973722     408915425     408915425     408915425
  151    26  mooncake_store   real_client.cpp::batch_get_into_internal.MemRead                3        32        32         0         0      9974170400     311692825     234292498     579677454     261949311     261949311     261949311
  152    27  mooncake_store   real_client.cpp::batch_get_into_internal.MemRead                3        57        57         0         0     15079954748     264560609     221456762     386463423     276327201     276327201     276327201
  153     0  mooncake_store   real_client.cpp::batch_get_into_internal.SelectReplica          3       576       576         0         0           35114            60            18          1701           460           460           460
  154     1  mooncake_store   real_client.cpp::batch_get_into_internal.SelectReplica          3       544       544         0         0           35289            64            22           656           484           459           459
  155     2  mooncake_store   real_client.cpp::batch_get_into_internal.SelectReplica          3      1136      1136         0         0           72134            63            18          2081           545           545           545
  156     4  mooncake_store   real_client.cpp::batch_get_into_internal.SelectReplica          3      1120      1120         0         0           71649            63            18          2134           587           586           586
  157     7  mooncake_store   real_client.cpp::batch_get_into_internal.SelectReplica          3       832       832         0         0           50434            60            19           664           464           460           460
  158     8  mooncake_store   real_client.cpp::batch_get_into_internal.SelectReplica          3        32        32         0         0            1145            35            18           173            18            18            18
  159     9  mooncake_store   real_client.cpp::batch_get_into_internal.SelectReplica          3      1120      1120         0         0           69600            62            18           813           535           535           534
  160    10  mooncake_store   real_client.cpp::batch_get_into_internal.SelectReplica          3      1136      1136         0         0           69798            61            19           763           520           502           498
  161    11  mooncake_store   real_client.cpp::batch_get_into_internal.SelectReplica          3      1136      1136         0         0           70146            61            18           699           540           534           534
  162    13  mooncake_store   real_client.cpp::batch_get_into_internal.SelectReplica          3      1136      1136         0         0           71028            62            19           669           573           573           573
  163    14  mooncake_store   real_client.cpp::batch_get_into_internal.SelectReplica          3      1104      1104         0         0           72874            66            20          2662           566           566           566
  164    15  mooncake_store   real_client.cpp::batch_get_into_internal.SelectReplica          3        32        32         0         0            1191            37            18           254            18            18            18
  165    16  mooncake_store   real_client.cpp::batch_get_into_internal.SelectReplica          3      1136      1136         0         0           72163            63            18           718           558           553           553
  166    17  mooncake_store   real_client.cpp::batch_get_into_internal.SelectReplica          3       752       752         0         0           45597            60            20           773           488           484           484
  167    18  mooncake_store   real_client.cpp::batch_get_into_internal.SelectReplica          3      1120      1120         0         0           69251            61            18           761           541           535           532
  168    21  mooncake_store   real_client.cpp::batch_get_into_internal.SelectReplica          3      1136      1136         0         0           70172            61            18           962           523           519           519
  169    22  mooncake_store   real_client.cpp::batch_get_into_internal.SelectReplica          3       704       704         0         0           44110            62            23           676           526           486           486
  170    23  mooncake_store   real_client.cpp::batch_get_into_internal.SelectReplica          3       768       768         0         0           48289            62            23           617           482           470           470
  171    25  mooncake_store   real_client.cpp::batch_get_into_internal.SelectReplica          3      1136      1136         0         0           70989            62            18           667           550           550           545
  172    26  mooncake_store   real_client.cpp::batch_get_into_internal.SelectReplica          3       560       560         0         0           34391            61            18           650           463           453           453
  173    27  mooncake_store   real_client.cpp::batch_get_into_internal.SelectReplica          3       880       880         0         0           54621            62            20           637           497           492           492
  174    26  mooncake_store   real_client.cpp::get_into.GetIntoInternal                       2         5         5         0         0         7768823       1553764       1235281       2350421       1235281       1235281       1235281
  175    26  mooncake_store   real_client.cpp::get_into_internal.MemRead                      3         5         5         0         0         6638081       1327616       1158095       1690217       1158095       1158095       1158095
  176    26  mooncake_store   real_client.cpp::get_into_internal.Query                        3         5         5         0         0         1062115        212423         73207        606379         73207         73207         73207
  177    26  mooncake_store   real_client.cpp::get_into_internal.SelectReplica                3         5         5         0         0            2452           490           326           912           326           326           326
  178     0  mooncake_master  rpc_service.cpp::BatchGetReplicaList.BatchGetReplicaList        1       241       241         0         0         8932308         37063         21201        100565         39160         38613         38613
  179     3  mooncake_master  rpc_service.cpp::BatchGetReplicaList.BatchGetReplicaList        1       105       105         0         0         4163486         39652         21099        112641         33871         33831         33831
  180    10  mooncake_master  rpc_service.cpp::BatchGetReplicaList.BatchGetReplicaList        1         3         3         0         0          104571         34857         14929         69816         14929         14929         14929
  181    12  mooncake_master  rpc_service.cpp::BatchGetReplicaList.BatchGetReplicaList        1         4         4         0         0           67944         16986         11042         26054         11042         11042         11042
  182    17  mooncake_master  rpc_service.cpp::BatchGetReplicaList.BatchGetReplicaList        1         4         4         0         0           59584         14896          9907         19872          9907          9907          9907
  183    21  mooncake_master  rpc_service.cpp::BatchGetReplicaList.BatchGetReplicaList        1         2         2         0         0           66155         33077         27250         38905         27250         27250         27250
  184    23  mooncake_master  rpc_service.cpp::BatchGetReplicaList.BatchGetReplicaList        1       337       337         0         0        13857418         41119         17839        176866         81810         80602         80602
  185    24  mooncake_master  rpc_service.cpp::BatchGetReplicaList.BatchGetReplicaList        1       258       258         0         0         8869466         34377         20050        104901         36298         35970         35970
  186    25  mooncake_master  rpc_service.cpp::BatchGetReplicaList.BatchGetReplicaList        1         3         3         0         0           94865         31621         13012         47820         13012         13012         13012
  187    26  mooncake_master  rpc_service.cpp::BatchGetReplicaList.BatchGetReplicaList        1       174       174         0         0         6539961         37585         19329        151852         33784         33784         33784
  188    10  mooncake_master  rpc_service.cpp::GetReplicaList.GetReplicaList                  1         5         5         0         0           43075          8615          2691         13974          2691          2691          2691
  189    17  mooncake_master  rpc_service.cpp::MountSegment.MountSegment                      1         1         1         0         0          808952        808952        808952        808952        808952        808952        808952
  190    10  mooncake_master  rpc_service.cpp::PutEnd.PutEnd                                  1      1000      1000         0         0         3915279          3915          1214         21188          9067          9023          9023
  191    10  mooncake_master  rpc_service.cpp::PutStart.PutStart                              1      1000      1000         0         0        16924842         16924          5447        114667         38969         38702         37983
  192     6  mooncake_master  rpc_service.cpp::UnmountSegment.UnmountSegment                  1         1         1         0         0          407153        407153        407153        407153        407153        407153        407153
