 #     Timestamp(ns)       Module.Point                                                  Lvl  DeltaTicks  Avg(ns)       P99(ns)       P999(ns)      P9999(ns)
 ----  ------------------  ------------------------------------------------------------  ---  ----------  ------------  ------------  ------------  ------------
    1        153495803686  rpc_service.cpp::PutStart.PutStart                              1           0             0         70560        114667        114667
    2        153495803686  rpc_service.cpp::PutEnd.PutEnd                                  1           0             0         15557         21188         21188
    3        153495803686  rpc_service.cpp::GetReplicaList.GetReplicaList                  1           0             0         13974         13974         13974
    4        153495803686  rpc_service.cpp::BatchGetReplicaList.BatchGetReplicaList        1           0             0        172701        176866        176866
    5        153495803686  rpc_service.cpp::MountSegment.MountSegment                      1           0             0        808952        808952        808952
    6        153495803686  rpc_service.cpp::UnmountSegment.UnmountSegment                  1           0             0        407153        407153        407153
    7        153495803686  master_service.cpp::AllocateAndInsertMetadata.AllocateMemory    2           0             0         19878         95384         95384
    8        153495803686  master_service.cpp::ClientMonitorFunc.ClientMonitorScan         3           0             0          4070          4070          4070
    9        153495803686  real_client.cpp::get_into.GetIntoInternal                       2           0             0       2350421       2350421       2350421
   10        153495803686  real_client.cpp::batch_get_into.BatchGetIntoInternal            2           0             0     594027765     594027765     594027765
   11        153495803686  real_client.cpp::get_into_internal.Query                        3           0             0        606379        606379        606379
   12        153495803686  real_client.cpp::get_into_internal.SelectReplica                3           0             0           912           912           912
   13        153495803686  real_client.cpp::get_into_internal.MemRead                      3           0             0       1690217       1690217       1690217
   14        153495803686  real_client.cpp::batch_get_into_internal.BatchQuery             3           0             0      34300079      34300079      34300079
   15        153495803686  real_client.cpp::batch_get_into_internal.SelectReplica          3           0             0           N/A          2662          2662
   16        153495803686  real_client.cpp::batch_get_into_internal.MemRead                3           0             0     593640774     593640774     593640774
   17        153495803686  client_service.cpp::Get.FindReplica                             3           0             0           458           458           458
   18        153495803686  client_service.cpp::Get.TransferRead                            3           0             0       1687272       1687272       1687272
   19        153495803686  client_service.cpp::TransferData.TransferData[G]                3           0             0       1682476       1682476       1682476
   20        153495803686  client_service.cpp::TransferData.Submit[G]                      4           0             0        556287        556287        556287
   21        153495803686  client_service.cpp::TransferData.Wait[G]                        4           0             0       1209892       1209892       1209892
   22        153495803686  client_service.cpp::BatchGet.FindReplica                        3           0             0           N/A          3153         15179
   23        153495803686  client_service.cpp::BatchGet.Submit                             4           0             0           N/A      38988486      38988486
   24        153495803686  client_service.cpp::BatchGet.Wait                               4           0             0           N/A     560706070     562503301
   25        153495803686  client_service.cpp::Put.TransferPut                             2           0             0       1928937       2223493       2247147
   26        153495803686  client_service.cpp::Put.PutStart                                3           0             0        327613        609958        773151
   27        153495803686  client_service.cpp::Put.TransferWrite                           3           0             0       1598664       1902802       1902802
   28        153495803686  client_service.cpp::Put.PutEnd                                  3           0             0        242770        517976        517976
   29        153495803686  client_service.cpp::TransferData.TransferData[W]                3           0             0       1597658       1901936       1901936
   30        153495803686  client_service.cpp::TransferData.Submit[W]                      4           0             0        149653        244396        366163
   31        153495803686  client_service.cpp::TransferData.Wait[W]                        4           0             0       1518000       1813524       1813524
   32        152423402500  rpc_service.cpp::PutStart.PutStart                              1           0             0         70560        114667        114667
   33        152423402500  rpc_service.cpp::PutEnd.PutEnd                                  1           0             0         15557         21188         21188
   34        152423402500  rpc_service.cpp::GetReplicaList.GetReplicaList                  1           0             0         13974         13974         13974
   35        152423402500  rpc_service.cpp::BatchGetReplicaList.BatchGetReplicaList        1           0             0        172701        176866        176866
   36        152423402500  rpc_service.cpp::MountSegment.MountSegment                      1           0             0        808952        808952        808952
   37        152423402500  rpc_service.cpp::UnmountSegment.UnmountSegment                  1           0             0        407153        407153        407153
   38        152423402500  master_service.cpp::AllocateAndInsertMetadata.AllocateMemory    2           0             0         19878         95384         95384
   39        152423402500  master_service.cpp::ClientMonitorFunc.ClientMonitorScan         3           0             0          4070          4070          4070
   40        152423402500  real_client.cpp::get_into.GetIntoInternal                       2           0             0       2350421       2350421       2350421
   41        152423402500  real_client.cpp::batch_get_into.BatchGetIntoInternal            2           0             0     594027765     594027765     594027765
   42        152423402500  real_client.cpp::get_into_internal.Query                        3           0             0        606379        606379        606379
   43        152423402500  real_client.cpp::get_into_internal.SelectReplica                3           0             0           912           912           912
   44        152423402500  real_client.cpp::get_into_internal.MemRead                      3           0             0       1690217       1690217       1690217
   45        152423402500  real_client.cpp::batch_get_into_internal.BatchQuery             3           0             0      34300079      34300079      34300079
   46        152423402500  real_client.cpp::batch_get_into_internal.SelectReplica          3           0             0           N/A          2662          2662
   47        152423402500  real_client.cpp::batch_get_into_internal.MemRead                3           0             0     593640774     593640774     593640774
   48        152423402500  client_service.cpp::Get.FindReplica                             3           0             0           458           458           458
   49        152423402500  client_service.cpp::Get.TransferRead                            3           0             0       1687272       1687272       1687272
   50        152423402500  client_service.cpp::TransferData.TransferData[G]                3           0             0       1682476       1682476       1682476
   51        152423402500  client_service.cpp::TransferData.Submit[G]                      4           0             0        556287        556287        556287
   52        152423402500  client_service.cpp::TransferData.Wait[G]                        4           0             0       1209892       1209892       1209892
   53        152423402500  client_service.cpp::BatchGet.FindReplica                        3           0             0           N/A          3153         15179
   54        152423402500  client_service.cpp::BatchGet.Submit                             4           0             0           N/A      38988486      38988486
   55        152423402500  client_service.cpp::BatchGet.Wait                               4           0             0           N/A     560706070     562503301
   56        152423402500  client_service.cpp::Put.TransferPut                             2           0             0       1928937       2223493       2247147
   57        152423402500  client_service.cpp::Put.PutStart                                3           0             0        327613        609958        773151
   58        152423402500  client_service.cpp::Put.TransferWrite                           3           0             0       1598664       1902802       1902802
   59        152423402500  client_service.cpp::Put.PutEnd                                  3           0             0        242770        517976        517976
   60        152423402500  client_service.cpp::TransferData.TransferData[W]                3           0             0       1597658       1901936       1901936
   61        152423402500  client_service.cpp::TransferData.Submit[W]                      4           0             0        149653        244396        366163
   62        152423402500  client_service.cpp::TransferData.Wait[W]                        4           0             0       1518000       1813524       1813524
   63        151355815083  rpc_service.cpp::PutStart.PutStart                              1           0             0         70560        114667        114667
   64        151355815083  rpc_service.cpp::PutEnd.PutEnd                                  1           0             0         15557         21188         21188
   65        151355815083  rpc_service.cpp::GetReplicaList.GetReplicaList                  1           0             0         13974         13974         13974
   66        151355815083  rpc_service.cpp::BatchGetReplicaList.BatchGetReplicaList        1           0             0        172701        176866        176866
   67        151355815083  rpc_service.cpp::MountSegment.MountSegment                      1           0             0        808952        808952        808952
   68        151355815083  rpc_service.cpp::UnmountSegment.UnmountSegment                  1           0             0        407153        407153        407153
   69        151355815083  master_service.cpp::AllocateAndInsertMetadata.AllocateMemory    2           0             0         19878         95384         95384
   70        151355815083  master_service.cpp::ClientMonitorFunc.ClientMonitorScan         3           0             0          4070          4070          4070
   71        151355815083  real_client.cpp::get_into.GetIntoInternal                       2           0             0       2350421       2350421       2350421
   72        151355815083  real_client.cpp::batch_get_into.BatchGetIntoInternal            2           0             0     594027765     594027765     594027765
   73        151355815083  real_client.cpp::get_into_internal.Query                        3           0             0        606379        606379        606379
   74        151355815083  real_client.cpp::get_into_internal.SelectReplica                3           0             0           912           912           912
   75        151355815083  real_client.cpp::get_into_internal.MemRead                      3           0             0       1690217       1690217       1690217
   76        151355815083  real_client.cpp::batch_get_into_internal.BatchQuery             3           0             0      34300079      34300079      34300079
   77        151355815083  real_client.cpp::batch_get_into_internal.SelectReplica          3           0             0           N/A          2662          2662
   78        151355815083  real_client.cpp::batch_get_into_internal.MemRead                3           0             0     593640774     593640774     593640774
   79        151355815083  client_service.cpp::Get.FindReplica                             3           0             0           458           458           458
   80        151355815083  client_service.cpp::Get.TransferRead                            3           0             0       1687272       1687272       1687272
   81        151355815083  client_service.cpp::TransferData.TransferData[G]                3           0             0       1682476       1682476       1682476
   82        151355815083  client_service.cpp::TransferData.Submit[G]                      4           0             0        556287        556287        556287
   83        151355815083  client_service.cpp::TransferData.Wait[G]                        4           0             0       1209892       1209892       1209892
   84        151355815083  client_service.cpp::BatchGet.FindReplica                        3           0             0           N/A          3153         15179
   85        151355815083  client_service.cpp::BatchGet.Submit                             4           0             0           N/A      38988486      38988486
   86        151355815083  client_service.cpp::BatchGet.Wait                               4           0             0           N/A     560706070     562503301
   87        151355815083  client_service.cpp::Put.TransferPut                             2           0             0       1928937       2223493       2247147
   88        151355815083  client_service.cpp::Put.PutStart                                3           0             0        327613        609958        773151
   89        151355815083  client_service.cpp::Put.TransferWrite                           3           0             0       1598664       1902802       1902802
   90        151355815083  client_service.cpp::Put.PutEnd                                  3           0             0        242770        517976        517976
   91        151355815083  client_service.cpp::TransferData.TransferData[W]                3           0             0       1597658       1901936       1901936
   92        151355815083  client_service.cpp::TransferData.Submit[W]                      4           0             0        149653        244396        366163
   93        151355815083  client_service.cpp::TransferData.Wait[W]                        4           0             0       1518000       1813524       1813524
   94        150283560368  rpc_service.cpp::PutStart.PutStart                              1           0             0         70560        114667        114667
   95        150283560368  rpc_service.cpp::PutEnd.PutEnd                                  1           0             0         15557         21188         21188
   96        150283560368  rpc_service.cpp::GetReplicaList.GetReplicaList                  1           0             0         13974         13974         13974
   97        150283560368  rpc_service.cpp::BatchGetReplicaList.BatchGetReplicaList        1           0             0        172701        176866        176866
   98        150283560368  rpc_service.cpp::MountSegment.MountSegment                      1           0             0        808952        808952        808952
   99        150283560368  rpc_service.cpp::UnmountSegment.UnmountSegment                  1           0             0        407153        407153        407153
  100        150283560368  master_service.cpp::AllocateAndInsertMetadata.AllocateMemory    2           0             0         19878         95384         95384
  101        150283560368  master_service.cpp::ClientMonitorFunc.ClientMonitorScan         3           0             0          4070          4070          4070
  102        150283560368  real_client.cpp::get_into.GetIntoInternal                       2           0             0       2350421       2350421       2350421
  103        150283560368  real_client.cpp::batch_get_into.BatchGetIntoInternal            2           0             0     594027765     594027765     594027765
  104        150283560368  real_client.cpp::get_into_internal.Query                        3           0             0        606379        606379        606379
  105        150283560368  real_client.cpp::get_into_internal.SelectReplica                3           0             0           912           912           912
  106        150283560368  real_client.cpp::get_into_internal.MemRead                      3           0             0       1690217       1690217       1690217
  107        150283560368  real_client.cpp::batch_get_into_internal.BatchQuery             3           0             0      34300079      34300079      34300079
  108        150283560368  real_client.cpp::batch_get_into_internal.SelectReplica          3           0             0           N/A          2662          2662
  109        150283560368  real_client.cpp::batch_get_into_internal.MemRead                3           0             0     593640774     593640774     593640774
  110        150283560368  client_service.cpp::Get.FindReplica                             3           0             0           458           458           458
  111        150283560368  client_service.cpp::Get.TransferRead                            3           0             0       1687272       1687272       1687272
  112        150283560368  client_service.cpp::TransferData.TransferData[G]                3           0             0       1682476       1682476       1682476
  113        150283560368  client_service.cpp::TransferData.Submit[G]                      4           0             0        556287        556287        556287
  114        150283560368  client_service.cpp::TransferData.Wait[G]                        4           0             0       1209892       1209892       1209892
  115        150283560368  client_service.cpp::BatchGet.FindReplica                        3           0             0           N/A          3153         15179
  116        150283560368  client_service.cpp::BatchGet.Submit                             4           0             0           N/A      38988486      38988486
  117        150283560368  client_service.cpp::BatchGet.Wait                               4           0             0           N/A     560706070     562503301
  118        150283560368  client_service.cpp::Put.TransferPut                             2           0             0       1928937       2223493       2247147
  119        150283560368  client_service.cpp::Put.PutStart                                3           0             0        327613        609958        773151
  120        150283560368  client_service.cpp::Put.TransferWrite                           3           0             0       1598664       1902802       1902802
  121        150283560368  client_service.cpp::Put.PutEnd                                  3           0             0        242770        517976        517976
  122        150283560368  client_service.cpp::TransferData.TransferData[W]                3           0             0       1597658       1901936       1901936
  123        150283560368  client_service.cpp::TransferData.Submit[W]                      4           0             0        149653        244396        366163
  124        150283560368  client_service.cpp::TransferData.Wait[W]                        4           0             0       1518000       1813524       1813524
  125        149209405715  rpc_service.cpp::PutStart.PutStart                              1           0             0         70560        114667        114667
  126        149209405715  rpc_service.cpp::PutEnd.PutEnd                                  1           0             0         15557         21188         21188
  127        149209405715  rpc_service.cpp::GetReplicaList.GetReplicaList                  1           0             0         13974         13974         13974
  128        149209405715  rpc_service.cpp::BatchGetReplicaList.BatchGetReplicaList        1           0             0        172701        176866        176866
  129        149209405715  rpc_service.cpp::MountSegment.MountSegment                      1           0             0        808952        808952        808952
  130        149209405715  rpc_service.cpp::UnmountSegment.UnmountSegment                  1           0             0        407153        407153        407153
  131        149209405715  master_service.cpp::AllocateAndInsertMetadata.AllocateMemory    2           0             0         19878         95384         95384
  132        149209405715  master_service.cpp::ClientMonitorFunc.ClientMonitorScan         3           0             0          4070          4070          4070
  133        149209405715  real_client.cpp::get_into.GetIntoInternal                       2           0             0       2350421       2350421       2350421
  134        149209405715  real_client.cpp::batch_get_into.BatchGetIntoInternal            2           0             0     594027765     594027765     594027765
  135        149209405715  real_client.cpp::get_into_internal.Query                        3           0             0        606379        606379        606379
  136        149209405715  real_client.cpp::get_into_internal.SelectReplica                3           0             0           912           912           912
  137        149209405715  real_client.cpp::get_into_internal.MemRead                      3           0             0       1690217       1690217       1690217
  138        149209405715  real_client.cpp::batch_get_into_internal.BatchQuery             3           0             0      34300079      34300079      34300079
  139        149209405715  real_client.cpp::batch_get_into_internal.SelectReplica          3           0             0           N/A          2662          2662
  140        149209405715  real_client.cpp::batch_get_into_internal.MemRead                3           0             0     593640774     593640774     593640774
  141        149209405715  client_service.cpp::Get.FindReplica                             3           0             0           458           458           458
  142        149209405715  client_service.cpp::Get.TransferRead                            3           0             0       1687272       1687272       1687272
  143        149209405715  client_service.cpp::TransferData.TransferData[G]                3           0             0       1682476       1682476       1682476
  144        149209405715  client_service.cpp::TransferData.Submit[G]                      4           0             0        556287        556287        556287
  145        149209405715  client_service.cpp::TransferData.Wait[G]                        4           0             0       1209892       1209892       1209892
  146        149209405715  client_service.cpp::BatchGet.FindReplica                        3           0             0           N/A          3153         15179
  147        149209405715  client_service.cpp::BatchGet.Submit                             4           0             0           N/A      38988486      38988486
  148        149209405715  client_service.cpp::BatchGet.Wait                               4           0             0           N/A     560706070     562503301
  149        149209405715  client_service.cpp::Put.TransferPut                             2           0             0       1928937       2223493       2247147
  150        149209405715  client_service.cpp::Put.PutStart                                3           0             0        327613        609958        773151
  151        149209405715  client_service.cpp::Put.TransferWrite                           3           0             0       1598664       1902802       1902802
  152        149209405715  client_service.cpp::Put.PutEnd                                  3           0             0        242770        517976        517976
  153        149209405715  client_service.cpp::TransferData.TransferData[W]                3           0             0       1597658       1901936       1901936
  154        149209405715  client_service.cpp::TransferData.Submit[W]                      4           0             0        149653        244396        366163
  155        149209405715  client_service.cpp::TransferData.Wait[W]                        4           0             0       1518000       1813524       1813524
  156        148125901359  rpc_service.cpp::PutStart.PutStart                              1           0             0         70560        114667        114667
  157        148125901359  rpc_service.cpp::PutEnd.PutEnd                                  1           0             0         15557         21188         21188
  158        148125901359  rpc_service.cpp::GetReplicaList.GetReplicaList                  1           0             0         13974         13974         13974
  159        148125901359  rpc_service.cpp::BatchGetReplicaList.BatchGetReplicaList        1           0             0        172701        176866        176866
  160        148125901359  rpc_service.cpp::MountSegment.MountSegment                      1           0             0        808952        808952        808952
  161        148125901359  rpc_service.cpp::UnmountSegment.UnmountSegment                  1           0             0        407153        407153        407153
  162        148125901359  master_service.cpp::AllocateAndInsertMetadata.AllocateMemory    2           0             0         19878         95384         95384
  163        148125901359  master_service.cpp::ClientMonitorFunc.ClientMonitorScan         3           0             0          4070          4070          4070
  164        148125901359  real_client.cpp::get_into.GetIntoInternal                       2           0             0       2350421       2350421       2350421
  165        148125901359  real_client.cpp::batch_get_into.BatchGetIntoInternal            2           0             0     594027765     594027765     594027765
  166        148125901359  real_client.cpp::get_into_internal.Query                        3           0             0        606379        606379        606379
  167        148125901359  real_client.cpp::get_into_internal.SelectReplica                3           0             0           912           912           912
  168        148125901359  real_client.cpp::get_into_internal.MemRead                      3           0             0       1690217       1690217       1690217
  169        148125901359  real_client.cpp::batch_get_into_internal.BatchQuery             3           0             0      34300079      34300079      34300079
  170        148125901359  real_client.cpp::batch_get_into_internal.SelectReplica          3           0             0           N/A          2662          2662
  171        148125901359  real_client.cpp::batch_get_into_internal.MemRead                3           0             0     593640774     593640774     593640774
  172        148125901359  client_service.cpp::Get.FindReplica                             3           0             0           458           458           458
  173        148125901359  client_service.cpp::Get.TransferRead                            3           0             0       1687272       1687272       1687272
  174        148125901359  client_service.cpp::TransferData.TransferData[G]                3           0             0       1682476       1682476       1682476
  175        148125901359  client_service.cpp::TransferData.Submit[G]                      4           0             0        556287        556287        556287
  176        148125901359  client_service.cpp::TransferData.Wait[G]                        4           0             0       1209892       1209892       1209892
  177        148125901359  client_service.cpp::BatchGet.FindReplica                        3           0             0           N/A          3153         15179
  178        148125901359  client_service.cpp::BatchGet.Submit                             4           0             0           N/A      38988486      38988486
  179        148125901359  client_service.cpp::BatchGet.Wait                               4           0             0           N/A     560706070     562503301
  180        148125901359  client_service.cpp::Put.TransferPut                             2           0             0       1928937       2223493       2247147
  181        148125901359  client_service.cpp::Put.PutStart                                3           0             0        327613        609958        773151
  182        148125901359  client_service.cpp::Put.TransferWrite                           3           0             0       1598664       1902802       1902802
  183        148125901359  client_service.cpp::Put.PutEnd                                  3           0             0        242770        517976        517976
  184        148125901359  client_service.cpp::TransferData.TransferData[W]                3           0             0       1597658       1901936       1901936
  185        148125901359  client_service.cpp::TransferData.Submit[W]                      4           0             0        149653        244396        366163
  186        148125901359  client_service.cpp::TransferData.Wait[W]                        4           0             0       1518000       1813524       1813524
  187        147911054672  rpc_service.cpp::PutStart.PutStart                              1           0             0         70560        114667        114667
  188        147911054672  rpc_service.cpp::PutEnd.PutEnd                                  1           0             0         15557         21188         21188
  189        147911054672  rpc_service.cpp::GetReplicaList.GetReplicaList                  1           0             0         13974         13974         13974
  190        147911054672  rpc_service.cpp::BatchGetReplicaList.BatchGetReplicaList        1           0             0        172701        176866        176866
  191        147911054672  rpc_service.cpp::MountSegment.MountSegment                      1           0             0        808952        808952        808952
  192        147911054672  rpc_service.cpp::UnmountSegment.UnmountSegment                  1           0             0        407153        407153        407153
  193        147911054672  master_service.cpp::AllocateAndInsertMetadata.AllocateMemory    2           0             0         19878         95384         95384
  194        147911054672  master_service.cpp::ClientMonitorFunc.ClientMonitorScan         3           0             0          4070          4070          4070
  195        147911054672  real_client.cpp::get_into.GetIntoInternal                       2           0             0       2350421       2350421       2350421
  196        147911054672  real_client.cpp::batch_get_into.BatchGetIntoInternal            2           0             0     594027765     594027765     594027765
  197        147911054672  real_client.cpp::get_into_internal.Query                        3           0             0        606379        606379        606379
  198        147911054672  real_client.cpp::get_into_internal.SelectReplica                3           0             0           912           912           912
  199        147911054672  real_client.cpp::get_into_internal.MemRead                      3           0             0       1690217       1690217       1690217
  200        147911054672  real_client.cpp::batch_get_into_internal.BatchQuery             3           0             0      34300079      34300079      34300079
  201        147911054672  real_client.cpp::batch_get_into_internal.SelectReplica          3           0             0           N/A          2662          2662
  202        147911054672  real_client.cpp::batch_get_into_internal.MemRead                3           0             0     593640774     593640774     593640774
  203        147911054672  client_service.cpp::Get.FindReplica                             3           0             0           458           458           458
  204        147911054672  client_service.cpp::Get.TransferRead                            3           0             0       1687272       1687272       1687272
  205        147911054672  client_service.cpp::TransferData.TransferData[G]                3           0             0       1682476       1682476       1682476
  206        147911054672  client_service.cpp::TransferData.Submit[G]                      4           0             0        556287        556287        556287
  207        147911054672  client_service.cpp::TransferData.Wait[G]                        4           0             0       1209892       1209892       1209892
  208        147911054672  client_service.cpp::BatchGet.FindReplica                        3           0             0           N/A          3153         15179
  209        147911054672  client_service.cpp::BatchGet.Submit                             4           0             0           N/A      38988486      38988486
  210        147911054672  client_service.cpp::BatchGet.Wait                               4           0             0           N/A     560706070     562503301
  211        147911054672  client_service.cpp::Put.TransferPut                             2           0             0       1928937       2223493       2247147
  212        147911054672  client_service.cpp::Put.PutStart                                3           0             0        327613        609958        773151
  213        147911054672  client_service.cpp::Put.TransferWrite                           3           0             0       1598664       1902802       1902802
  214        147911054672  client_service.cpp::Put.PutEnd                                  3           0             0        242770        517976        517976
  215        147911054672  client_service.cpp::TransferData.TransferData[W]                3           0             0       1597658       1901936       1901936
  216        147911054672  client_service.cpp::TransferData.Submit[W]                      4           0             0        149653        244396        366163
  217        147911054672  client_service.cpp::TransferData.Wait[W]                        4           0             0       1518000       1813524       1813524
  218        147700539877  rpc_service.cpp::PutStart.PutStart                              1           0             0         70560        114667        114667
  219        147700539877  rpc_service.cpp::PutEnd.PutEnd                                  1           0             0         15557         21188         21188
  220        147700539877  rpc_service.cpp::GetReplicaList.GetReplicaList                  1           0             0         13974         13974         13974
  221        147700539877  rpc_service.cpp::BatchGetReplicaList.BatchGetReplicaList        1           0             0        172701        176866        176866
  222        147700539877  rpc_service.cpp::MountSegment.MountSegment                      1           0             0        808952        808952        808952
  223        147700539877  rpc_service.cpp::UnmountSegment.UnmountSegment                  1           0             0        407153        407153        407153
  224        147700539877  master_service.cpp::AllocateAndInsertMetadata.AllocateMemory    2           0             0         19878         95384         95384
  225        147700539877  master_service.cpp::ClientMonitorFunc.ClientMonitorScan         3           0             0          4070          4070          4070
  226        147700539877  real_client.cpp::get_into.GetIntoInternal                       2           0             0       2350421       2350421       2350421
  227        147700539877  real_client.cpp::batch_get_into.BatchGetIntoInternal            2           0             0     594027765     594027765     594027765
  228        147700539877  real_client.cpp::get_into_internal.Query                        3           0             0        606379        606379        606379
  229        147700539877  real_client.cpp::get_into_internal.SelectReplica                3           0             0           912           912           912
  230        147700539877  real_client.cpp::get_into_internal.MemRead                      3           0             0       1690217       1690217       1690217
  231        147700539877  real_client.cpp::batch_get_into_internal.BatchQuery             3           0             0      34300079      34300079      34300079
  232        147700539877  real_client.cpp::batch_get_into_internal.SelectReplica          3           0             0           N/A          2662          2662
  233        147700539877  real_client.cpp::batch_get_into_internal.MemRead                3           0             0     593640774     593640774     593640774
  234        147700539877  client_service.cpp::Get.FindReplica                             3           0             0           458           458           458
  235        147700539877  client_service.cpp::Get.TransferRead                            3           0             0       1687272       1687272       1687272
  236        147700539877  client_service.cpp::TransferData.TransferData[G]                3           0             0       1682476       1682476       1682476
  237        147700539877  client_service.cpp::TransferData.Submit[G]                      4           0             0        556287        556287        556287
  238        147700539877  client_service.cpp::TransferData.Wait[G]                        4           0             0       1209892       1209892       1209892
  239        147700539877  client_service.cpp::BatchGet.FindReplica                        3           0             0           N/A          3153         15179
  240        147700539877  client_service.cpp::BatchGet.Submit                             4           0             0           N/A      38988486      38988486
  241        147700539877  client_service.cpp::BatchGet.Wait                               4           0             0           N/A     560706070     562503301
  242        147700539877  client_service.cpp::Put.TransferPut                             2           0             0       1928937       2223493       2247147
  243        147700539877  client_service.cpp::Put.PutStart                                3           0             0        327613        609958        773151
  244        147700539877  client_service.cpp::Put.TransferWrite                           3           0             0       1598664       1902802       1902802
  245        147700539877  client_service.cpp::Put.PutEnd                                  3           0             0        242770        517976        517976
  246        147700539877  client_service.cpp::TransferData.TransferData[W]                3           0             0       1597658       1901936       1901936
  247        147700539877  client_service.cpp::TransferData.Submit[W]                      4           0             0        149653        244396        366163
  248        147700539877  client_service.cpp::TransferData.Wait[W]                        4           0             0       1518000       1813524       1813524
  249        147486266596  rpc_service.cpp::PutStart.PutStart                              1           0             0         70560        114667        114667
  250        147486266596  rpc_service.cpp::PutEnd.PutEnd                                  1           0             0         15557         21188         21188
  251        147486266596  rpc_service.cpp::GetReplicaList.GetReplicaList                  1           0             0         13974         13974         13974
  252        147486266596  rpc_service.cpp::BatchGetReplicaList.BatchGetReplicaList        1           0             0        172701        176866        176866
  253        147486266596  rpc_service.cpp::MountSegment.MountSegment                      1           0             0        808952        808952        808952
  254        147486266596  rpc_service.cpp::UnmountSegment.UnmountSegment                  1           0             0        407153        407153        407153
  255        147486266596  master_service.cpp::AllocateAndInsertMetadata.AllocateMemory    2           0             0         19878         95384         95384
  256        147486266596  master_service.cpp::ClientMonitorFunc.ClientMonitorScan         3           0             0          4070          4070          4070
  257        147486266596  real_client.cpp::get_into.GetIntoInternal                       2           0             0       2350421       2350421       2350421
  258        147486266596  real_client.cpp::batch_get_into.BatchGetIntoInternal            2           0             0     594027765     594027765     594027765
  259        147486266596  real_client.cpp::get_into_internal.Query                        3           0             0        606379        606379        606379
  260        147486266596  real_client.cpp::get_into_internal.SelectReplica                3           0             0           912           912           912
  261        147486266596  real_client.cpp::get_into_internal.MemRead                      3           0             0       1690217       1690217       1690217
  262        147486266596  real_client.cpp::batch_get_into_internal.BatchQuery             3           0             0      34300079      34300079      34300079
  263        147486266596  real_client.cpp::batch_get_into_internal.SelectReplica          3           0             0           N/A          2662          2662
  264        147486266596  real_client.cpp::batch_get_into_internal.MemRead                3           0             0     593640774     593640774     593640774
  265        147486266596  client_service.cpp::Get.FindReplica                             3           0             0           458           458           458
  266        147486266596  client_service.cpp::Get.TransferRead                            3           0             0       1687272       1687272       1687272
  267        147486266596  client_service.cpp::TransferData.TransferData[G]                3           0             0       1682476       1682476       1682476
  268        147486266596  client_service.cpp::TransferData.Submit[G]                      4           0             0        556287        556287        556287
  269        147486266596  client_service.cpp::TransferData.Wait[G]                        4           0             0       1209892       1209892       1209892
  270        147486266596  client_service.cpp::BatchGet.FindReplica                        3           0             0           N/A          3153         15179
  271        147486266596  client_service.cpp::BatchGet.Submit                             4           0             0           N/A      38988486      38988486
  272        147486266596  client_service.cpp::BatchGet.Wait                               4           0             0           N/A     560706070     562503301
  273        147486266596  client_service.cpp::Put.TransferPut                             2           0             0       1928937       2223493       2247147
  274        147486266596  client_service.cpp::Put.PutStart                                3           0             0        327613        609958        773151
  275        147486266596  client_service.cpp::Put.TransferWrite                           3           0             0       1598664       1902802       1902802
  276        147486266596  client_service.cpp::Put.PutEnd                                  3           0             0        242770        517976        517976
  277        147486266596  client_service.cpp::TransferData.TransferData[W]                3           0             0       1597658       1901936       1901936
  278        147486266596  client_service.cpp::TransferData.Submit[W]                      4           0             0        149653        244396        366163
  279        147486266596  client_service.cpp::TransferData.Wait[W]                        4           0             0       1518000       1813524       1813524
  280        147288030731  rpc_service.cpp::PutStart.PutStart                              1           0             0         70560        114667        114667
  281        147288030731  rpc_service.cpp::PutEnd.PutEnd                                  1           0             0         15557         21188         21188
  282        147288030731  rpc_service.cpp::GetReplicaList.GetReplicaList                  1           0             0         13974         13974         13974
  283        147288030731  rpc_service.cpp::BatchGetReplicaList.BatchGetReplicaList        1           0             0        172701        176866        176866
  284        147288030731  rpc_service.cpp::MountSegment.MountSegment                      1           0             0        808952        808952        808952
  285        147288030731  rpc_service.cpp::UnmountSegment.UnmountSegment                  1           0             0        407153        407153        407153
  286        147288030731  master_service.cpp::AllocateAndInsertMetadata.AllocateMemory    2           0             0         19878         95384         95384
  287        147288030731  master_service.cpp::ClientMonitorFunc.ClientMonitorScan         3           0             0          4070          4070          4070
  288        147288030731  real_client.cpp::get_into.GetIntoInternal                       2           0             0       2350421       2350421       2350421
  289        147288030731  real_client.cpp::batch_get_into.BatchGetIntoInternal            2           0             0     594027765     594027765     594027765
  290        147288030731  real_client.cpp::get_into_internal.Query                        3           0             0        606379        606379        606379
  291        147288030731  real_client.cpp::get_into_internal.SelectReplica                3           0             0           912           912           912
  292        147288030731  real_client.cpp::get_into_internal.MemRead                      3           0             0       1690217       1690217       1690217
  293        147288030731  real_client.cpp::batch_get_into_internal.BatchQuery             3           0             0      34300079      34300079      34300079
  294        147288030731  real_client.cpp::batch_get_into_internal.SelectReplica          3           0             0           N/A          2662          2662
  295        147288030731  real_client.cpp::batch_get_into_internal.MemRead                3           0             0     593640774     593640774     593640774
  296        147288030731  client_service.cpp::Get.FindReplica                             3           0             0           458           458           458
  297        147288030731  client_service.cpp::Get.TransferRead                            3           0             0       1687272       1687272       1687272
  298        147288030731  client_service.cpp::TransferData.TransferData[G]                3           0             0       1682476       1682476       1682476
  299        147288030731  client_service.cpp::TransferData.Submit[G]                      4           0             0        556287        556287        556287
  300        147288030731  client_service.cpp::TransferData.Wait[G]                        4           0             0       1209892       1209892       1209892
  301        147288030731  client_service.cpp::BatchGet.FindReplica                        3           0             0           N/A          3153         15179
  302        147288030731  client_service.cpp::BatchGet.Submit                             4           0             0           N/A      38988486      38988486
  303        147288030731  client_service.cpp::BatchGet.Wait                               4           0             0           N/A     560706070     562503301
  304        147288030731  client_service.cpp::Put.TransferPut                             2           0             0       1928937       2223493       2247147
  305        147288030731  client_service.cpp::Put.PutStart                                3           0             0        327613        609958        773151
  306        147288030731  client_service.cpp::Put.TransferWrite                           3           0             0       1598664       1902802       1902802
  307        147288030731  client_service.cpp::Put.PutEnd                                  3           0             0        242770        517976        517976
  308        147288030731  client_service.cpp::TransferData.TransferData[W]                3           0             0       1597658       1901936       1901936
  309        147288030731  client_service.cpp::TransferData.Submit[W]                      4           0             0        149653        244396        366163
  310        147288030731  client_service.cpp::TransferData.Wait[W]                        4           0             0       1518000       1813524       1813524
  311        147091552640  rpc_service.cpp::PutStart.PutStart                              1           0             0         70560        114667        114667
  312        147091552640  rpc_service.cpp::PutEnd.PutEnd                                  1           0             0         15557         21188         21188
  313        147091552640  rpc_service.cpp::GetReplicaList.GetReplicaList                  1           0             0         13974         13974         13974
  314        147091552640  rpc_service.cpp::BatchGetReplicaList.BatchGetReplicaList        1           0             0        172701        176866        176866
  315        147091552640  rpc_service.cpp::MountSegment.MountSegment                      1           0             0        808952        808952        808952
  316        147091552640  rpc_service.cpp::UnmountSegment.UnmountSegment                  1           0             0        407153        407153        407153
  317        147091552640  master_service.cpp::AllocateAndInsertMetadata.AllocateMemory    2           0             0         19878         95384         95384
  318        147091552640  master_service.cpp::ClientMonitorFunc.ClientMonitorScan         3           0             0          4070          4070          4070
  319        147091552640  real_client.cpp::get_into.GetIntoInternal                       2           0             0       2350421       2350421       2350421
  320        147091552640  real_client.cpp::batch_get_into.BatchGetIntoInternal            2           0             0     594027765     594027765     594027765
  321        147091552640  real_client.cpp::get_into_internal.Query                        3           0             0        606379        606379        606379
  322        147091552640  real_client.cpp::get_into_internal.SelectReplica                3           0             0           912           912           912
  323        147091552640  real_client.cpp::get_into_internal.MemRead                      3           0             0       1690217       1690217       1690217
  324        147091552640  real_client.cpp::batch_get_into_internal.BatchQuery             3           0             0      34300079      34300079      34300079
  325        147091552640  real_client.cpp::batch_get_into_internal.SelectReplica          3           0             0           N/A          2662          2662
  326        147091552640  real_client.cpp::batch_get_into_internal.MemRead                3           0             0     593640774     593640774     593640774
  327        147091552640  client_service.cpp::Get.FindReplica                             3           0             0           458           458           458
  328        147091552640  client_service.cpp::Get.TransferRead                            3           0             0       1687272       1687272       1687272
  329        147091552640  client_service.cpp::TransferData.TransferData[G]                3           0             0       1682476       1682476       1682476
  330        147091552640  client_service.cpp::TransferData.Submit[G]                      4           0             0        556287        556287        556287
  331        147091552640  client_service.cpp::TransferData.Wait[G]                        4           0             0       1209892       1209892       1209892
  332        147091552640  client_service.cpp::BatchGet.FindReplica                        3           0             0           N/A          3153         15179
  333        147091552640  client_service.cpp::BatchGet.Submit                             4           0             0           N/A      38988486      38988486
  334        147091552640  client_service.cpp::BatchGet.Wait                               4           0             0           N/A     560706070     562503301
  335        147091552640  client_service.cpp::Put.TransferPut                             2           0             0       1928937       2223493       2247147
  336        147091552640  client_service.cpp::Put.PutStart                                3           0             0        327613        609958        773151
  337        147091552640  client_service.cpp::Put.TransferWrite                           3           0             0       1598664       1902802       1902802
  338        147091552640  client_service.cpp::Put.PutEnd                                  3           0             0        242770        517976        517976
  339        147091552640  client_service.cpp::TransferData.TransferData[W]                3           0             0       1597658       1901936       1901936
  340        147091552640  client_service.cpp::TransferData.Submit[W]                      4           0             0        149653        244396        366163
  341        147091552640  client_service.cpp::TransferData.Wait[W]                        4           0             0       1518000       1813524       1813524
  342        146804277792  rpc_service.cpp::PutStart.PutStart                              1           0             0         70560        114667        114667
  343        146804277792  rpc_service.cpp::PutEnd.PutEnd                                  1           0             0         15557         21188         21188
  344        146804277792  rpc_service.cpp::GetReplicaList.GetReplicaList                  1           0             0         13974         13974         13974
  345        146804277792  rpc_service.cpp::BatchGetReplicaList.BatchGetReplicaList        1           0             0        172701        176866        176866
  346        146804277792  rpc_service.cpp::MountSegment.MountSegment                      1           0             0        808952        808952        808952
  347        146804277792  rpc_service.cpp::UnmountSegment.UnmountSegment                  1           0             0        407153        407153        407153
  348        146804277792  master_service.cpp::AllocateAndInsertMetadata.AllocateMemory    2           0             0         19878         95384         95384
  349        146804277792  master_service.cpp::ClientMonitorFunc.ClientMonitorScan         3           0             0          4070          4070          4070
  350        146804277792  real_client.cpp::get_into.GetIntoInternal                       2           0             0       2350421       2350421       2350421
  351        146804277792  real_client.cpp::batch_get_into.BatchGetIntoInternal            2           0             0     594027765     594027765     594027765
  352        146804277792  real_client.cpp::get_into_internal.Query                        3           0             0        606379        606379        606379
  353        146804277792  real_client.cpp::get_into_internal.SelectReplica                3           0             0           912           912           912
  354        146804277792  real_client.cpp::get_into_internal.MemRead                      3           0             0       1690217       1690217       1690217
  355        146804277792  real_client.cpp::batch_get_into_internal.BatchQuery             3           0             0      34300079      34300079      34300079
  356        146804277792  real_client.cpp::batch_get_into_internal.SelectReplica          3           0             0           N/A          2662          2662
  357        146804277792  real_client.cpp::batch_get_into_internal.MemRead                3           0             0     593640774     593640774     593640774
  358        146804277792  client_service.cpp::Get.FindReplica                             3           0             0           458           458           458
  359        146804277792  client_service.cpp::Get.TransferRead                            3           0             0       1687272       1687272       1687272
  360        146804277792  client_service.cpp::TransferData.TransferData[G]                3           0             0       1682476       1682476       1682476
  361        146804277792  client_service.cpp::TransferData.Submit[G]                      4           0             0        556287        556287        556287
  362        146804277792  client_service.cpp::TransferData.Wait[G]                        4           0             0       1209892       1209892       1209892
  363        146804277792  client_service.cpp::BatchGet.FindReplica                        3           0             0           N/A          3153         15179
  364        146804277792  client_service.cpp::BatchGet.Submit                             4           0             0           N/A      38988486      38988486
  365        146804277792  client_service.cpp::BatchGet.Wait                               4           0             0           N/A     560706070     562503301
  366        146804277792  client_service.cpp::Put.TransferPut                             2           0             0       1928937       2223493       2247147
  367        146804277792  client_service.cpp::Put.PutStart                                3           0             0        327613        609958        773151
  368        146804277792  client_service.cpp::Put.TransferWrite                           3           0             0       1598664       1902802       1902802
  369        146804277792  client_service.cpp::Put.PutEnd                                  3           0             0        242770        517976        517976
  370        146804277792  client_service.cpp::TransferData.TransferData[W]                3           0             0       1597658       1901936       1901936
  371        146804277792  client_service.cpp::TransferData.Submit[W]                      4           0             0        149653        244396        366163
  372        146804277792  client_service.cpp::TransferData.Wait[W]                        4           0             0       1518000       1813524       1813524
  373        146592081674  rpc_service.cpp::PutStart.PutStart                              1           0             0         70560        114667        114667
  374        146592081674  rpc_service.cpp::PutEnd.PutEnd                                  1           0             0         15557         21188         21188
  375        146592081674  rpc_service.cpp::GetReplicaList.GetReplicaList                  1           0             0         13974         13974         13974
  376        146592081674  rpc_service.cpp::BatchGetReplicaList.BatchGetReplicaList        1           0             0        172701        176866        176866
  377        146592081674  rpc_service.cpp::MountSegment.MountSegment                      1           0             0        808952        808952        808952
  378        146592081674  rpc_service.cpp::UnmountSegment.UnmountSegment                  1           0             0        407153        407153        407153
  379        146592081674  master_service.cpp::AllocateAndInsertMetadata.AllocateMemory    2           0             0         19878         95384         95384
  380        146592081674  master_service.cpp::ClientMonitorFunc.ClientMonitorScan         3           0             0          4070          4070          4070
  381        146592081674  real_client.cpp::get_into.GetIntoInternal                       2           0             0       2350421       2350421       2350421
  382        146592081674  real_client.cpp::batch_get_into.BatchGetIntoInternal            2           0             0     594027765     594027765     594027765
  383        146592081674  real_client.cpp::get_into_internal.Query                        3           0             0        606379        606379        606379
  384        146592081674  real_client.cpp::get_into_internal.SelectReplica                3           0             0           912           912           912
  385        146592081674  real_client.cpp::get_into_internal.MemRead                      3           0             0       1690217       1690217       1690217
  386        146592081674  real_client.cpp::batch_get_into_internal.BatchQuery             3           0             0      34300079      34300079      34300079
  387        146592081674  real_client.cpp::batch_get_into_internal.SelectReplica          3           0             0           N/A          2662          2662
  388        146592081674  real_client.cpp::batch_get_into_internal.MemRead                3           0             0     593640774     593640774     593640774
  389        146592081674  client_service.cpp::Get.FindReplica                             3           0             0           458           458           458
  390        146592081674  client_service.cpp::Get.TransferRead                            3           0             0       1687272       1687272       1687272
  391        146592081674  client_service.cpp::TransferData.TransferData[G]                3           0             0       1682476       1682476       1682476
  392        146592081674  client_service.cpp::TransferData.Submit[G]                      4           0             0        556287        556287        556287
  393        146592081674  client_service.cpp::TransferData.Wait[G]                        4           0             0       1209892       1209892       1209892
  394        146592081674  client_service.cpp::BatchGet.FindReplica                        3           0             0           N/A          3153         15179
  395        146592081674  client_service.cpp::BatchGet.Submit                             4           0             0           N/A      38988486      38988486
  396        146592081674  client_service.cpp::BatchGet.Wait                               4           0             0           N/A     560706070     562503301
  397        146592081674  client_service.cpp::Put.TransferPut                             2           0             0       1928937       2223493       2247147
  398        146592081674  client_service.cpp::Put.PutStart                                3           0             0        327613        609958        773151
  399        146592081674  client_service.cpp::Put.TransferWrite                           3           0             0       1598664       1902802       1902802
  400        146592081674  client_service.cpp::Put.PutEnd                                  3           0             0        242770        517976        517976
  401        146592081674  client_service.cpp::TransferData.TransferData[W]                3           0             0       1597658       1901936       1901936
  402        146592081674  client_service.cpp::TransferData.Submit[W]                      4           0             0        149653        244396        366163
  403        146592081674  client_service.cpp::TransferData.Wait[W]                        4           0             0       1518000       1813524       1813524
  404        146387310738  rpc_service.cpp::PutStart.PutStart                              1        1000         16924         70560        114667        114667
  405        146387310738  rpc_service.cpp::PutEnd.PutEnd                                  1        1000          3915         15557         21188         21188
  406        146387310738  rpc_service.cpp::GetReplicaList.GetReplicaList                  1           5          8615         13974         13974         13974
  407        146387310738  rpc_service.cpp::BatchGetReplicaList.BatchGetReplicaList        1        1131         37803        172701        176866        176866
  408        146387310738  rpc_service.cpp::MountSegment.MountSegment                      1           1        808952        808952        808952        808952
  409        146387310738  rpc_service.cpp::UnmountSegment.UnmountSegment                  1           1        407153        407153        407153        407153
  410        146387310738  master_service.cpp::AllocateAndInsertMetadata.AllocateMemory    2        1000          2540         19878         95384         95384
  411        146387310738  master_service.cpp::ClientMonitorFunc.ClientMonitorScan         3          40          1611          4070          4070          4070
  412        146387310738  real_client.cpp::get_into.GetIntoInternal                       2           5       1553764       2350421       2350421       2350421
  413        146387310738  real_client.cpp::batch_get_into.BatchGetIntoInternal            2        1131     285395590     594027765     594027765     594027765
  414        146387310738  real_client.cpp::get_into_internal.Query                        3           5        212423        606379        606379        606379
  415        146387310738  real_client.cpp::get_into_internal.SelectReplica                3           5           490           912           912           912
  416        146387310738  real_client.cpp::get_into_internal.MemRead                      3           5       1327616       1690217       1690217       1690217
  417        146387310738  real_client.cpp::batch_get_into_internal.BatchQuery             3        1131        621073      34300079      34300079      34300079
  418        146387310738  real_client.cpp::batch_get_into_internal.SelectReplica          3       18096            62           N/A          2662          2662
  419        146387310738  real_client.cpp::batch_get_into_internal.MemRead                3        1131     284729644     593640774     593640774     593640774
  420        146387310738  client_service.cpp::Get.FindReplica                             3           5           312           458           458           458
  421        146387310738  client_service.cpp::Get.TransferRead                            3           5       1325992       1687272       1687272       1687272
  422        146387310738  client_service.cpp::TransferData.TransferData[G]                3           5       1324373       1682476       1682476       1682476
  423        146387310738  client_service.cpp::TransferData.Submit[G]                      4           5        177879        556287        556287        556287
  424        146387310738  client_service.cpp::TransferData.Wait[G]                        4           5       1143824       1209892       1209892       1209892
  425        146387310738  client_service.cpp::BatchGet.FindReplica                        3       18096           170           N/A          3153         15179
  426        146387310738  client_service.cpp::BatchGet.Submit                             4       18096         97179           N/A      38988486      38988486
  427        146387310738  client_service.cpp::BatchGet.Wait                               4       18096      17693703           N/A     560706070     562503301
  428        146387310738  client_service.cpp::Put.TransferPut                             2        1000       1165423       1928937       2223493       2247147
  429        146387310738  client_service.cpp::Put.PutStart                                3        1000        132009        327613        609958        773151
  430        146387310738  client_service.cpp::Put.TransferWrite                           3        1000        934214       1598664       1902802       1902802
  431        146387310738  client_service.cpp::Put.PutEnd                                  3        1000         96638        242770        517976        517976
  432        146387310738  client_service.cpp::TransferData.TransferData[W]                3        1000        933480       1597658       1901936       1901936
  433        146387310738  client_service.cpp::TransferData.Submit[W]                      4        1000         64057        149653        244396        366163
  434        146387310738  client_service.cpp::TransferData.Wait[W]                        4        1000        867779       1518000       1813524       1813524
